// Jest Snapshot v1, https://goo.gl/fbAQLP

exports[`Pruebas en <GifGridItem /> debe mostrar el componente correctamente 1`] = `
<Fragment>
  <div
    className="card"
  >
    <img
      src=""
    />
    <p />
  </div>
</Fragment>
`;
